// Jest Snapshot v1, https://goo.gl/fbAQLP

exports[`App renders correctly 1`] = `
<div
  class="weather-app"
>
  <div
    class="location-details"
    data-testid="location-details"
  >
    <h1
      class="location-details"
    >
      , 
    </h1>
  </div>
  <div
    class="search-form"
    data-testid="search-form"
  >
    <div
      class="search-form"
    >
      <input
        type="text"
        value=""
      />
      <button
        type="submit"
      >
        Search Location
      </button>
    </div>
  </div>
  <div
    class="forecast-summaries-app"
    data-testid="forecast-summaries"
  >
    <div
      class="forecast-summaries"
    />
  </div>
  <div
    class="forecast-details"
    data-testid="forecast-details"
  />
</div>
`;

exports[`SearchForm matches snapshot 1`] = `undefined`;
